============================= test session starts =============================
platform win32 -- Python 3.13.5, pytest-9.0.2, pluggy-1.6.0 -- C:\Python313\python.exe
cachedir: .pytest_cache
rootdir: C:\Users\Sandeep Kumar\OneDrive\Desktop\hackathon\dropout_risk
plugins: anyio-4.12.1, Faker-40.4.0
collecting ... collected 5 items

src/app/tests/test_api.py::test_health PASSED                            [ 20%]
src/app/tests/test_api.py::test_predict_endpoint PASSED                  [ 40%]
src/app/tests/test_api.py::test_explain_endpoint PASSED                  [ 60%]
src/app/tests/test_api.py::test_simulate_endpoint PASSED                 [ 80%]
src/app/tests/test_api.py::test_optimize_endpoint FAILED                 [100%]

================================== FAILURES ===================================
___________________________ test_optimize_endpoint ____________________________

    def test_optimize_endpoint():
        payload = {
            "age": 20,
            "attendance_pct": 0.5,
            "passed_credits": 10,
            "lms_clicks": 50,
            "assignments_on_time": 2,
            "gender": "M",
            "ses": "High"
        }
        response = client.post("/api/v1/optimize", json=payload)
        assert response.status_code == 200
        res = response.json()
        assert "base_risk" in res
        assert "optimized_risk" in res
        assert "prescription" in res
        assert "total_cost" in res
        # Monotonicity Guard
        assert res["optimized_risk"] <= res["base_risk"]
    
        # If already safe, should return already_safe
        safe_payload = payload.copy()
        safe_payload["attendance_pct"] = 0.95
        safe_payload["lms_clicks"] = 4000
        response = client.post("/api/v1/optimize", json=safe_payload)
>       assert response.json().get("already_safe") is True
E       AssertionError: assert False is True
E        +  where False = <built-in method get of dict object at 0x000001587F5A6840>('already_safe')
E        +    where <built-in method get of dict object at 0x000001587F5A6840> = {'already_safe': False, 'base_risk': 0.5902866721153259, 'delta': 0.0, 'guard_active': False, ...}.get
E        +      where {'already_safe': False, 'base_risk': 0.5902866721153259, 'delta': 0.0, 'guard_active': False, ...} = json()
E        +        where json = <Response [200 OK]>.json

src\app\tests\test_api.py:88: AssertionError
============================== warnings summary ===============================
src/app/tests/test_api.py::test_explain_endpoint
  C:\Users\Sandeep Kumar\OneDrive\Desktop\hackathon\dropout_risk\src\app\explain\shap_engine.py:35: FutureWarning: Series.__getitem__ treating keys as positions is deprecated. In a future version, integer keys will always be treated as labels (consistent with DataFrame behavior). To access a value by position, use `ser.iloc[pos]`
    "value": float(df.iloc[0][i])

-- Docs: https://docs.pytest.org/en/stable/how-to/capture-warnings.html
=========================== short test summary info ===========================
FAILED src/app/tests/test_api.py::test_optimize_endpoint - AssertionError: as...
=================== 1 failed, 4 passed, 1 warning in 7.73s ====================
